# Test for a case to find the minimum cost path with multiple hops or differnt
# possible options to move from the start to destination node using the full
# marvel dataset.

# build graph
loaded graph marvel

# test to find the minimum cost path, findMinimumCostPath
path from GORILLA-MAN to MOJO:
GORILLA-MAN to CAPTAIN AMERICA with weight 0.500
CAPTAIN AMERICA to BEAST/HENRY &HANK& P with weight 0.006
BEAST/HENRY &HANK& P to CYCLOPS/SCOTT SUMMER with weight 0.003
CYCLOPS/SCOTT SUMMER to WOLVERINE/LOGAN  with weight 0.004
WOLVERINE/LOGAN  to MOJO with weight 0.111
total cost: 0.624