# Find a minimum cost path with multiple hops from one student to an other students 
# using studentInCourse dataset, in this case no path beween two students.

# build graph
loaded graph studentInCourse

# test the findMinimumCostPath
path from Jeff to Emily:
no path found