Menu:
	r to find a route
	b to see a list of all buildings
	q to quit

Enter an option ('m' to see the menu): # Verify that when unknown starting building 
# is entered by the user to find the path.So, that it will print "Unknown 
# building" followed by the building abbreviated name of the starting
# building. It will print "Unknown building: AA". AA is Abbreviated name
# of starting building.
Abbreviated name of starting building: Abbreviated name of ending building: Unknown building: ABX

Enter an option ('m' to see the menu): 
# terminate the program