Menu:
	r to find a route
	b to see a list of all buildings
	q to quit
	
Enter an option ('m' to see the menu): # Verify that when unknown option of a menu
Unknown option

Enter an option ('m' to see the menu): # Verify again unknown option
Unknown option

Enter an option ('m' to see the menu):